Added Component: Designator=J1(SAMTEC_SS-107-T-1A)
Add component (AddParameter): Name = "Availability"; Value = "Unavailable"; VariantName = "[No Variations]"
Add component (AddParameter): Name = "MF"; Value = ""; VariantName = "[No Variations]"
Add component (AddParameter): Name = "MP"; Value = "SS-107-T-1A"; VariantName = "[No Variations]"
Add component (AddParameter): Name = "Package"; Value = "None"; VariantName = "[No Variations]"
Add component (AddParameter): Name = "Price"; Value = "None"; VariantName = "[No Variations]"
Add component (AddParameter): Name = "Value"; Value = ""; VariantName = "[No Variations]"
Added Component: Designator=J2(SAMTEC_SS-107-T-1A)
Add component (AddParameter): Name = "Availability"; Value = "Unavailable"; VariantName = "[No Variations]"
Add component (AddParameter): Name = "MF"; Value = ""; VariantName = "[No Variations]"
Add component (AddParameter): Name = "MP"; Value = "SS-107-T-1A"; VariantName = "[No Variations]"
Add component (AddParameter): Name = "Package"; Value = "None"; VariantName = "[No Variations]"
Add component (AddParameter): Name = "Price"; Value = "None"; VariantName = "[No Variations]"
Add component (AddParameter): Name = "Value"; Value = ""; VariantName = "[No Variations]"
Added Component: Designator=J3(CONN_2041-1X20xxxSx_OUP)
Add component (AddParameter): Name = "Copyright"; Value = "Copyright (C) 2025 Ultra Librarian. All rights reserved."; VariantName = "[No Variations]"
Add component (AddParameter): Name = "Manufacturer_Name"; Value = "Oupiin"; VariantName = "[No Variations]"
Add component (AddParameter): Name = "Manufacturer_Part_Number"; Value = "2041-1X20G00SA"; VariantName = "[No Variations]"
Add component (AddParameter): Name = "RefDes"; Value = "RefDes"; VariantName = "[No Variations]"
Add component (AddParameter): Name = "Type"; Value = "Type"; VariantName = "[No Variations]"
Added Component: Designator=J4(CONN_2041-1X20xxxSx_OUP)
Add component (AddParameter): Name = "Copyright"; Value = "Copyright (C) 2025 Ultra Librarian. All rights reserved."; VariantName = "[No Variations]"
Add component (AddParameter): Name = "Manufacturer_Name"; Value = "Oupiin"; VariantName = "[No Variations]"
Add component (AddParameter): Name = "Manufacturer_Part_Number"; Value = "2041-1X20G00SA"; VariantName = "[No Variations]"
Add component (AddParameter): Name = "RefDes"; Value = "RefDes"; VariantName = "[No Variations]"
Add component (AddParameter): Name = "Type"; Value = "Type"; VariantName = "[No Variations]"
Added Component: Designator=U1(RASPBERRY_PI_PICO)
Add component (AddParameter): Name = "Check_prices"; Value = "https://www.snapeda.com/parts/RASPBERRY%20PI%20PICO/Raspberry+Pi/view-part/?ref=eda"; VariantName = "[No Variations]"
Add component (AddParameter): Name = "MF"; Value = "Raspberry Pi"; VariantName = "[No Variations]"
Add component (AddParameter): Name = "MP"; Value = "RASPBERRY PI PICO"; VariantName = "[No Variations]"
Add component (AddParameter): Name = "Package"; Value = "None"; VariantName = "[No Variations]"
Add component (AddParameter): Name = "SnapEDA_Link"; Value = "https://www.snapeda.com/parts/RASPBERRY%20PI%20PICO/Raspberry+Pi/view-part/?ref=snap"; VariantName = "[No Variations]"
Add component (AddParameter): Name = "Value"; Value = ""; VariantName = "[No Variations]"
Added Pin To Net: NetName=3.3 Pin=J1-06
Added Pin To Net: NetName=3.3 Pin=J2-02
Added Pin To Net: NetName=3.3 Pin=J3-5
Added Pin To Net: NetName=3.3 Pin=U1-3V3
Added Net: Name=3.3
Added Pin To Net: NetName=CS1 Pin=J1-02
Added Pin To Net: NetName=CS1 Pin=J4-14
Added Pin To Net: NetName=CS1 Pin=U1-GP5
Added Net: Name=CS1
Added Pin To Net: NetName=CS2 Pin=J2-06
Added Pin To Net: NetName=CS2 Pin=J4-12
Added Pin To Net: NetName=CS2 Pin=U1-GP6
Added Net: Name=CS2
Added Pin To Net: NetName=Fault_CH1 Pin=J1-01
Added Pin To Net: NetName=Fault_CH1 Pin=J4-11
Added Pin To Net: NetName=Fault_CH1 Pin=U1-GP7
Added Net: Name=Fault_CH1
Added Pin To Net: NetName=Fault_CH2 Pin=J2-07
Added Pin To Net: NetName=Fault_CH2 Pin=J4-10
Added Pin To Net: NetName=Fault_CH2 Pin=U1-GP8
Added Net: Name=Fault_CH2
Added Pin To Net: NetName=GND Pin=J1-05
Added Pin To Net: NetName=GND Pin=J2-03
Added Pin To Net: NetName=GND Pin=J3-3
Added Pin To Net: NetName=GND Pin=U1-GND
Added Net: Name=GND
Added Pin To Net: NetName=MOSI Pin=J1-03
Added Pin To Net: NetName=MOSI Pin=J2-05
Added Pin To Net: NetName=MOSI Pin=J4-16
Added Pin To Net: NetName=MOSI Pin=U1-GP3
Added Net: Name=MOSI
Added Pin To Net: NetName=NetJ3_4 Pin=J3-4
Added Pin To Net: NetName=NetJ3_4 Pin=U1-3V3_EN
Added Net: Name=NetJ3_4
Added Pin To Net: NetName=NetJ3_6 Pin=J3-6
Added Pin To Net: NetName=NetJ3_6 Pin=U1-ADC_VREF
Added Net: Name=NetJ3_6
Added Pin To Net: NetName=NetJ3_7 Pin=J3-7
Added Pin To Net: NetName=NetJ3_7 Pin=U1-GP28_A2
Added Net: Name=NetJ3_7
Added Pin To Net: NetName=NetJ3_8 Pin=J3-8
Added Pin To Net: NetName=NetJ3_8 Pin=U1-AGND
Added Net: Name=NetJ3_8
Added Pin To Net: NetName=NetJ3_9 Pin=J3-9
Added Pin To Net: NetName=NetJ3_9 Pin=U1-GP27_A1
Added Net: Name=NetJ3_9
Added Pin To Net: NetName=NetJ3_10 Pin=J3-10
Added Pin To Net: NetName=NetJ3_10 Pin=U1-GP26_A0
Added Net: Name=NetJ3_10
Added Pin To Net: NetName=NetJ3_11 Pin=J3-11
Added Pin To Net: NetName=NetJ3_11 Pin=U1-RUN
Added Net: Name=NetJ3_11
Added Pin To Net: NetName=NetJ3_12 Pin=J3-12
Added Pin To Net: NetName=NetJ3_12 Pin=U1-GP22
Added Net: Name=NetJ3_12
Added Pin To Net: NetName=NetJ3_13 Pin=J3-13
Added Pin To Net: NetName=NetJ3_13 Pin=U1-GND2
Added Net: Name=NetJ3_13
Added Pin To Net: NetName=NetJ3_14 Pin=J3-14
Added Pin To Net: NetName=NetJ3_14 Pin=U1-GP21
Added Net: Name=NetJ3_14
Added Pin To Net: NetName=NetJ3_15 Pin=J3-15
Added Pin To Net: NetName=NetJ3_15 Pin=U1-GP20
Added Net: Name=NetJ3_15
Added Pin To Net: NetName=NetJ3_16 Pin=J3-16
Added Pin To Net: NetName=NetJ3_16 Pin=U1-GP19
Added Net: Name=NetJ3_16
Added Pin To Net: NetName=NetJ3_17 Pin=J3-17
Added Pin To Net: NetName=NetJ3_17 Pin=U1-GP18
Added Net: Name=NetJ3_17
Added Pin To Net: NetName=NetJ3_18 Pin=J3-18
Added Pin To Net: NetName=NetJ3_18 Pin=U1-GND3
Added Net: Name=NetJ3_18
Added Pin To Net: NetName=NetJ3_19 Pin=J3-19
Added Pin To Net: NetName=NetJ3_19 Pin=U1-GP17
Added Net: Name=NetJ3_19
Added Pin To Net: NetName=NetJ3_20 Pin=J3-20
Added Pin To Net: NetName=NetJ3_20 Pin=U1-GP16
Added Net: Name=NetJ3_20
Added Pin To Net: NetName=NetJ4_1 Pin=J4-1
Added Pin To Net: NetName=NetJ4_1 Pin=U1-GP15
Added Net: Name=NetJ4_1
Added Pin To Net: NetName=NetJ4_2 Pin=J4-2
Added Pin To Net: NetName=NetJ4_2 Pin=U1-GP14
Added Net: Name=NetJ4_2
Added Pin To Net: NetName=NetJ4_3 Pin=J4-3
Added Pin To Net: NetName=NetJ4_3 Pin=U1-GND7
Added Net: Name=NetJ4_3
Added Pin To Net: NetName=NetJ4_4 Pin=J4-4
Added Pin To Net: NetName=NetJ4_4 Pin=U1-GP13
Added Net: Name=NetJ4_4
Added Pin To Net: NetName=NetJ4_5 Pin=J4-5
Added Pin To Net: NetName=NetJ4_5 Pin=U1-GP12
Added Net: Name=NetJ4_5
Added Pin To Net: NetName=NetJ4_6 Pin=J4-6
Added Pin To Net: NetName=NetJ4_6 Pin=U1-GP11
Added Net: Name=NetJ4_6
Added Pin To Net: NetName=NetJ4_7 Pin=J4-7
Added Pin To Net: NetName=NetJ4_7 Pin=U1-GP10
Added Net: Name=NetJ4_7
Added Pin To Net: NetName=NetJ4_8 Pin=J4-8
Added Pin To Net: NetName=NetJ4_8 Pin=U1-GND6
Added Net: Name=NetJ4_8
Added Pin To Net: NetName=NetJ4_9 Pin=J4-9
Added Pin To Net: NetName=NetJ4_9 Pin=U1-GP9
Added Net: Name=NetJ4_9
Added Pin To Net: NetName=NetJ4_13 Pin=J4-13
Added Pin To Net: NetName=NetJ4_13 Pin=U1-GND5
Added Net: Name=NetJ4_13
Added Pin To Net: NetName=NetJ4_15 Pin=J4-15
Added Pin To Net: NetName=NetJ4_15 Pin=U1-GP4
Added Net: Name=NetJ4_15
Added Pin To Net: NetName=NetJ4_18 Pin=J4-18
Added Pin To Net: NetName=NetJ4_18 Pin=U1-GND4
Added Net: Name=NetJ4_18
Added Pin To Net: NetName=NetJ4_19 Pin=J4-19
Added Pin To Net: NetName=NetJ4_19 Pin=U1-GP1
Added Net: Name=NetJ4_19
Added Pin To Net: NetName=NetJ4_20 Pin=J4-20
Added Pin To Net: NetName=NetJ4_20 Pin=U1-GP0
Added Net: Name=NetJ4_20
Added Pin To Net: NetName=SCLK Pin=J1-04
Added Pin To Net: NetName=SCLK Pin=J2-04
Added Pin To Net: NetName=SCLK Pin=J4-17
Added Pin To Net: NetName=SCLK Pin=U1-GP2
Added Net: Name=SCLK
Added Pin To Net: NetName=Vbus Pin=J1-07
Added Pin To Net: NetName=Vbus Pin=J3-1
Added Pin To Net: NetName=Vbus Pin=U1-VBUS
Added Net: Name=Vbus
Added Pin To Net: NetName=Vsys Pin=J2-01
Added Pin To Net: NetName=Vsys Pin=J3-2
Added Pin To Net: NetName=Vsys Pin=U1-VSYS
Added Net: Name=Vsys
Added Class: Name=pico_v1
